cmd : Traceback (most recent call last):
At line:1 char:1
+ cmd /c "e:\OneDrive\Knowledge Base\0207_GenAI\Code\czsu_home2\czsu-mu ...
+ ~~~~~~~~~~~~~~~~~~~~~~~~~~~~~~~~~~~~~~~~~~~~~~~~~~~~~~~~~~~~~~~~~~~~~
    + CategoryInfo          : NotSpecified: (Traceback (most recent call last)::String) [], RemoteException
    + FullyQualifiedErrorId : NativeCommandError
 
  File "e:\OneDrive\Knowledge Base\0207_GenAI\Code\czsu_home2\czsu-multi-agent-text-to-sql\data\pdf_to_chromadb__mar
kdown_MarkdownElementNodeParser.py", line 335, in <module>
    from api.utils.debug import print__chromadb_debug
  File "E:\OneDrive\Knowledge Base\0207_GenAI\Code\czsu_home2\czsu-multi-agent-text-to-sql\api\utils\__init__.py", 
line 36, in <module>
    from .memory import (
  File "E:\OneDrive\Knowledge Base\0207_GenAI\Code\czsu_home2\czsu-multi-agent-text-to-sql\api\utils\memory.py", 
line 39, in <module>
    import psutil
ModuleNotFoundError: No module named 'psutil'
